add_numbers ok
division_numbers error: division by zero. Inputs: (5, 0) {}
add_numbers ok
division_numbers error: division by zero. Inputs: (5, 0) {}
add_numbers ok
division_numbers error: division by zero. Inputs: (5, 0) {}
add_numbers ok
division_numbers error: division by zero. Inputs: (5, 0) {}
add_numbers ok
division_numbers error: division by zero. Inputs: (5, 0) {}
add_numbers ok
division_numbers error: division by zero. Inputs: (5, 0) {}
